[2026-02-06 20:40:44] [INFO] Using package manager: yay
[2026-02-06 20:40:45] [OK] Package database updated
[2026-02-06 20:40:45] [INFO] Installing gtk ...
[2026-02-06 20:40:46] [INFO] Installing gtk2 ...
[2026-02-06 20:40:46] [INFO] Installing gtk3 ...
[2026-02-06 20:40:48] [INFO] Installing gtk4 ...
[2026-02-06 20:40:49] [OK] All packages in block 'gtk' installed successfully
[2026-02-06 20:40:49] [INFO] Installing nerd-fonts ...
[2026-02-06 20:40:50] [INFO] Installing noto-fonts-emoji ...
[2026-02-06 20:40:51] [INFO] Installing ttf-noto-emoji-monochrome ...
[2026-02-06 20:40:51] [OK] All packages in block 'fonts' installed successfully
[2026-02-06 20:40:51] [INFO] Installing whitesur-gtk-theme ...
[2026-02-06 20:40:52] [OK] All packages in block 'themes' installed successfully
[2026-02-06 20:40:52] [INFO] Installing whitesur-icon-theme ...
[2026-02-06 20:40:53] [OK] All packages in block 'icons' installed successfully
[2026-02-06 20:40:53] [INFO] Installing qogir-cursor-theme ...
[2026-02-06 20:40:54] [OK] All packages in block 'cursors' installed successfully
[2026-02-06 20:40:54] [INFO] Installing stow ...
[2026-02-06 20:40:55] [OK] All packages in block 'install-utils' installed successfully
[2026-02-06 20:40:55] [INFO] Updating repository: /home/nebolsinvasili/.config/wallpapers
[2026-02-06 20:40:56] [OK] Repository ready: /home/nebolsinvasili/.config/wallpapers
