[2026-01-09 00:56:53] [INFO] Using package manager: yay
[2026-01-09 00:56:56] [OK] Package database updated
[2026-01-09 00:56:56] [INFO] Installing zsh ...
[2026-01-09 00:56:56] [OK] All packages in block 'shell' installed successfully
[2026-01-09 00:56:57] [INFO] Installing fzf ...
[2026-01-09 00:56:57] [INFO] Installing fzf ...
[2026-01-09 00:56:58] [INFO] Installing zoxide ...
[2026-01-09 00:56:58] [INFO] Installing yazi ...
[2026-01-09 00:56:59] [INFO] Installing exa ...
[2026-01-09 00:56:59] [INFO] Installing man ...
[2026-01-09 00:57:00] [INFO] Installing bat ...
[2026-01-09 00:57:00] [INFO] Installing tar ...
[2026-01-09 00:57:01] [INFO] Installing unzip ...
[2026-01-09 00:57:01] [OK] All packages in block 'utils' installed successfully
[2026-01-09 00:57:01] [INFO] Installing stow ...
[2026-01-09 00:57:02] [OK] All packages in block 'install-utils' installed successfully
[2026-01-09 00:57:02] [INFO] 👤 Выберите пользователя для настройки:
[2026-01-09 00:57:10] [INFO] Меняем shell на: zsh
[2026-01-09 00:57:10] [OK] Shell изменён для пользователя nebolsinvasili
[2026-01-09 00:57:10] [INFO] Stowing package 'config' → /home/nebolsinvasili
[2026-01-09 00:57:10] [OK] Package 'config' deployed
