[2026-01-16 04:24:05] [INFO] Using package manager: yay
[2026-01-16 04:24:06] [OK] Package database updated
[2026-01-16 04:24:06] [INFO] Installing xorg ...
[2026-01-16 04:24:07] [INFO] Installing xorg-xinit ...
[2026-01-16 04:24:08] [INFO] Installing xorg-server ...
[2026-01-16 04:24:09] [INFO] Installing xorg-xrandr ...
[2026-01-16 04:24:10] [INFO] Installing xorg-xrdb ...
[2026-01-16 04:24:11] [OK] All packages in block 'xorg' installed successfully
[2026-01-16 04:24:11] [INFO] Installing bspwm ...
[2026-01-16 04:24:12] [INFO] Installing sxhkd ...
[2026-01-16 04:24:13] [OK] All packages in block 'bspwm' installed successfully
[2026-01-16 04:24:13] [INFO] Installing polybar ...
[2026-01-16 04:24:14] [INFO] Installing picom ...
[2026-01-16 04:24:15] [INFO] Installing rofi ...
[2026-01-16 04:24:16] [INFO] Installing dunst ...
[2026-01-16 04:24:17] [INFO] Installing feh ...
[2026-01-16 04:24:18] [OK] All packages in block 'ui' installed successfully
[2026-01-16 04:24:18] [INFO] Installing scrot ...
[2026-01-16 04:24:20] [INFO] Installing nemo ...
[2026-01-16 04:24:21] [INFO] Installing cups ...
[2026-01-16 04:24:22] [INFO] Installing network-manager-applet ...
[2026-01-16 04:24:23] [OK] All packages in block 'utils' installed successfully
[2026-01-16 04:24:23] [INFO] Installing stow ...
[2026-01-16 04:24:24] [OK] All packages in block 'install-utils' installed successfully
